[36126:438176:0903/161448.311921:ERROR:ui/display/mac/cv_display_link_mac.mm:195] CVDisplayLinkCreateWithCGDisplay failed. CVReturn: -6670
[36126:438176:0903/161448.313900:ERROR:ui/display/mac/cv_display_link_mac.mm:195] CVDisplayLinkCreateWithCGDisplay failed. CVReturn: -6670
[36126:438176:0903/161448.414123:ERROR:ui/display/mac/cv_display_link_mac.mm:195] CVDisplayLinkCreateWithCGDisplay failed. CVReturn: -6670
[36126:438176:0903/161448.430160:ERROR:ui/display/mac/cv_display_link_mac.mm:195] CVDisplayLinkCreateWithCGDisplay failed. CVReturn: -6670
[36126:438176:0903/161448.434057:ERROR:ui/display/mac/cv_display_link_mac.mm:195] CVDisplayLinkCreateWithCGDisplay failed. CVReturn: -6670
[36126:438176:0903/161448.434262:ERROR:ui/display/mac/cv_display_link_mac.mm:195] CVDisplayLinkCreateWithCGDisplay failed. CVReturn: -6670
[36126:438176:0903/161457.070652:ERROR:ui/display/mac/cv_display_link_mac.mm:195] CVDisplayLinkCreateWithCGDisplay failed. CVReturn: -6670
[36126:438176:0903/161457.512753:ERROR:ui/display/mac/cv_display_link_mac.mm:195] CVDisplayLinkCreateWithCGDisplay failed. CVReturn: -6670
Trying to load the allocator multiple times. This is *not* supported.
[36126:438176:0903/161501.751662:ERROR:ui/display/mac/cv_display_link_mac.mm:195] CVDisplayLinkCreateWithCGDisplay failed. CVReturn: -6670
[36126:438176:0903/161501.754668:ERROR:ui/display/mac/cv_display_link_mac.mm:195] CVDisplayLinkCreateWithCGDisplay failed. CVReturn: -6670
[36126:438176:0903/161501.756252:ERROR:ui/display/mac/cv_display_link_mac.mm:195] CVDisplayLinkCreateWithCGDisplay failed. CVReturn: -6670
[36126:438176:0903/161501.765355:ERROR:ui/display/mac/cv_display_link_mac.mm:195] CVDisplayLinkCreateWithCGDisplay failed. CVReturn: -6670
[36126:438176:0903/161501.766766:ERROR:ui/display/mac/cv_display_link_mac.mm:195] CVDisplayLinkCreateWithCGDisplay failed. CVReturn: -6670
[36126:438176:0903/161506.164987:ERROR:ui/display/mac/cv_display_link_mac.mm:195] CVDisplayLinkCreateWithCGDisplay failed. CVReturn: -6670
[36115:438103:0903/161507.879277:ERROR:google_apis/gcm/engine/registration_request.cc:291] Registration response error message: DEPRECATED_ENDPOINT
[36317:439933:0903/161507.886039:VERBOSE1:chrome/updater/updater.cc:374] Version: 152.0.7933.0, opt, ARM_64, command line: /Users/markpope/Library/Application Support/Google/GoogleUpdater/152.0.7933.0/GoogleUpdater.app/Contents/MacOS/GoogleUpdater --wake-all --enable-logging --vmodule=*/components/update_client/*=2,*/chrome/enterprise_companion/*=2,*/chrome/updater/*=2
[36317:439933:0903/161508.129539:VERBOSE1:chrome/updater/updater.cc:377] OS version: 26.5.2, arch: arm64, System uptime (seconds): 17933, parent pid: 36115
[36317:439933:0903/161508.572341:VERBOSE1:chrome/updater/updater.cc:382] Available disk space in install directory (/Users/markpope/Library/Application Support/Google/GoogleUpdater): 199717548032B (186.001GiB) / 494332366848B (460.383GiB)
[36317:439933:0903/161509.107621:VERBOSE1:chrome/updater/updater.cc:386] Available disk space in temporary directory (/var/folders/5l/8w6vhjy961nctqh3vgqpw4hr0000gn/T/): 199717548032B (186.001GiB) / 494332366848B (460.383GiB)
[36317:439933:0903/161509.145689:VERBOSE2:chrome/updater/event_history.cc:265] Emitted a UPDATER_PROCESS START event to the history log
[36335:440056:0903/161509.661658:VERBOSE1:chrome/updater/updater.cc:374] Version: 152.0.7933.0, opt, ARM_64, command line: /Users/markpope/Library/Application Support/Google/GoogleUpdater/152.0.7933.0/GoogleUpdater.app/Contents/MacOS/GoogleUpdater --crash-handler --database=/Users/markpope/Library/Application Support/Google/GoogleUpdater/152.0.7933.0/Crashpad --url=https://clients2.google.com/cr/report --annotation=prod=Update4 --annotation=ver=152.0.7933.0 --handshake-fd=6 --enable-logging --vmodule=*/components/update_client/*=2,*/chrome/enterprise_companion/*=2,*/chrome/updater/*=2
[36335:440056:0903/161509.681982:VERBOSE1:chrome/updater/updater.cc:377] OS version: 26.5.2, arch: arm64, System uptime (seconds): 17934, parent pid: 1
[36335:440056:0903/161509.712206:VERBOSE1:chrome/updater/updater.cc:382] Available disk space in install directory (/Users/markpope/Library/Application Support/Google/GoogleUpdater): 199713378304B (185.998GiB) / 494332366848B (460.383GiB)
[36335:440056:0903/161509.712281:VERBOSE1:chrome/updater/updater.cc:386] Available disk space in temporary directory (/var/folders/5l/8w6vhjy961nctqh3vgqpw4hr0000gn/T/): 199713378304B (185.998GiB) / 494332366848B (460.383GiB)
[36335:440056:0903/161509.716848:VERBOSE2:chrome/updater/event_history.cc:265] Emitted a UPDATER_PROCESS START event to the history log
[36317:439933:0903/161509.801943:VERBOSE1:chrome/updater/crash_reporter.cc:124] Crash handler launched and ready.
[36317:439933:0903/161509.851269:VERBOSE1:chrome/updater/crash_client.cc:108] Found 2 completed crash reports
[36317:439933:0903/161509.854115:VERBOSE1:chrome/updater/crash_client.cc:117] Crash since last run: ID "", created at 1788402784, 1 upload attempts, file path "/Users/markpope/Library/Application Support/Google/GoogleUpdater/152.0.7933.0/Crashpad/completed/047a159a-37ba-4b8f-8fb8-8b31b90d92ab.dmp", unique ID "047a159a-37ba-4b8f-8fb8-8b31b90d92ab"; uploaded: no
[36317:439933:0903/161509.862209:VERBOSE1:chrome/updater/crash_client.cc:117] Crash since last run: ID "", created at 1788090004, 1 upload attempts, file path "/Users/markpope/Library/Application Support/Google/GoogleUpdater/152.0.7933.0/Crashpad/completed/975e7fbc-49bd-49f5-9ca2-b50d9c48173b.dmp", unique ID "975e7fbc-49bd-49f5-9ca2-b50d9c48173b"; uploaded: no
[36317:439933:0903/161509.866534:VERBOSE1:chrome/updater/crash_client.cc:132] Found 0 pending crash reports
[36317:439933:0903/161509.871519:ERROR:third_party/crashpad/crashpad/util/file/file_io_posix.cc:145] open /Users/markpope/Library/Application Support/Google/RLZ/Crashpad/settings.dat: No such file or directory (2)
[36317:439933:0903/161509.878929:VERBOSE1:chrome/updater/updater.cc:105] Crash reporting initialized.
[36317:440119:0903/161509.887057:VERBOSE1:chrome/updater/app/app_wakeall.cc:58] Launching `/Users/markpope/Library/Application Support/Google/GoogleUpdater/152.0.7933.0/GoogleUpdater.app/Contents/MacOS/GoogleUpdater --wake`
[36339:440124:0903/161510.232644:VERBOSE1:chrome/updater/updater.cc:374] Version: 152.0.7933.0, opt, ARM_64, command line: /Users/markpope/Library/Application Support/Google/GoogleUpdater/152.0.7933.0/GoogleUpdater.app/Contents/MacOS/GoogleUpdater --wake --enable-logging --vmodule=*/components/update_client/*=2,*/chrome/enterprise_companion/*=2,*/chrome/updater/*=2
[36339:440124:0903/161510.234443:VERBOSE1:chrome/updater/updater.cc:377] OS version: 26.5.2, arch: arm64, System uptime (seconds): 17935, parent pid: 36317
[36339:440124:0903/161510.317986:VERBOSE1:chrome/updater/updater.cc:382] Available disk space in install directory (/Users/markpope/Library/Application Support/Google/GoogleUpdater): 199711662080B (185.996GiB) / 494332366848B (460.383GiB)
[36339:440124:0903/161510.318910:VERBOSE1:chrome/updater/updater.cc:386] Available disk space in temporary directory (/var/folders/5l/8w6vhjy961nctqh3vgqpw4hr0000gn/T/): 199711662080B (185.996GiB) / 494332366848B (460.383GiB)
[36339:440124:0903/161510.319144:VERBOSE2:chrome/updater/event_history.cc:265] Emitted a UPDATER_PROCESS START event to the history log
[36344:440195:0903/161510.542889:VERBOSE1:chrome/updater/updater.cc:374] Version: 152.0.7933.0, opt, ARM_64, command line: /Users/markpope/Library/Application Support/Google/GoogleUpdater/152.0.7933.0/GoogleUpdater.app/Contents/MacOS/GoogleUpdater --crash-handler --database=/Users/markpope/Library/Application Support/Google/GoogleUpdater/152.0.7933.0/Crashpad --url=https://clients2.google.com/cr/report --annotation=prod=Update4 --annotation=ver=152.0.7933.0 --handshake-fd=6 --enable-logging --vmodule=*/components/update_client/*=2,*/chrome/enterprise_companion/*=2,*/chrome/updater/*=2
[36344:440195:0903/161510.544823:VERBOSE1:chrome/updater/updater.cc:377] OS version: 26.5.2, arch: arm64, System uptime (seconds): 17935, parent pid: 1
[36344:440195:0903/161510.556407:VERBOSE1:chrome/updater/updater.cc:382] Available disk space in install directory (/Users/markpope/Library/Application Support/Google/GoogleUpdater): 199711506432B (185.996GiB) / 494332366848B (460.383GiB)
[36344:440195:0903/161510.558208:VERBOSE1:chrome/updater/updater.cc:386] Available disk space in temporary directory (/var/folders/5l/8w6vhjy961nctqh3vgqpw4hr0000gn/T/): 199711506432B (185.996GiB) / 494332366848B (460.383GiB)
[36344:440195:0903/161510.560491:VERBOSE2:chrome/updater/event_history.cc:265] Emitted a UPDATER_PROCESS START event to the history log
[36339:440124:0903/161510.770263:VERBOSE1:chrome/updater/crash_reporter.cc:124] Crash handler launched and ready.
[36339:440124:0903/161510.835025:VERBOSE1:chrome/updater/crash_client.cc:108] Found 2 completed crash reports
[36339:440124:0903/161510.835203:VERBOSE1:chrome/updater/crash_client.cc:117] Crash since last run: ID "", created at 1788402784, 1 upload attempts, file path "/Users/markpope/Library/Application Support/Google/GoogleUpdater/152.0.7933.0/Crashpad/completed/047a159a-37ba-4b8f-8fb8-8b31b90d92ab.dmp", unique ID "047a159a-37ba-4b8f-8fb8-8b31b90d92ab"; uploaded: no
[36339:440124:0903/161510.835278:VERBOSE1:chrome/updater/crash_client.cc:117] Crash since last run: ID "", created at 1788090004, 1 upload attempts, file path "/Users/markpope/Library/Application Support/Google/GoogleUpdater/152.0.7933.0/Crashpad/completed/975e7fbc-49bd-49f5-9ca2-b50d9c48173b.dmp", unique ID "975e7fbc-49bd-49f5-9ca2-b50d9c48173b"; uploaded: no
[36339:440124:0903/161510.837323:VERBOSE1:chrome/updater/crash_client.cc:132] Found 0 pending crash reports
[36339:440124:0903/161510.838328:ERROR:third_party/crashpad/crashpad/util/file/file_io_posix.cc:145] open /Users/markpope/Library/Application Support/Google/RLZ/Crashpad/settings.dat: No such file or directory (2)
[36339:440124:0903/161511.067358:VERBOSE1:chrome/updater/updater.cc:105] Crash reporting initialized.
[36339:440124:0903/161511.093612:VERBOSE1:chrome/updater/ipc/update_service_internal_proxy_mojo.cc:61] Run
[36126:438176:0903/161511.368567:ERROR:ui/display/mac/cv_display_link_mac.mm:195] CVDisplayLinkCreateWithCGDisplay failed. CVReturn: -6670
[36126:438176:0903/161520.074956:ERROR:ui/display/mac/cv_display_link_mac.mm:195] CVDisplayLinkCreateWithCGDisplay failed. CVReturn: -6670
[36115:438025:0903/161603.450303:ERROR:components/headless/command_handler/headless_command_handler.cc:403] Page load timed out.
[36115:438103:0903/161618.473443:ERROR:google_apis/gcm/engine/registration_request.cc:291] Registration response error message: DEPRECATED_ENDPOINT
[36339:440124:0903/161651.989850:VERBOSE1:chrome/updater/app/app.cc:52] Shutdown: 0
[36339:440124:0903/161652.093853:VERBOSE2:chrome/updater/event_history.cc:265] Emitted a UPDATER_PROCESS END event to the history log
[36339:440124:0903/161652.094369:VERBOSE1:chrome/updater/updater.cc:419] UpdaterMain (--wake) returned 0.
[36317:440119:0903/161652.253975:VERBOSE1:chrome/updater/app/app_wakeall.cc:68] `/Users/markpope/Library/Application Support/Google/GoogleUpdater/152.0.7933.0/GoogleUpdater.app/Contents/MacOS/GoogleUpdater --wake` exited 0
[36317:439933:0903/161652.411790:VERBOSE1:chrome/updater/app/app.cc:52] Shutdown: 0
[36317:439933:0903/161652.540794:VERBOSE2:chrome/updater/event_history.cc:265] Emitted a UPDATER_PROCESS END event to the history log
[36317:439933:0903/161652.540871:VERBOSE1:chrome/updater/updater.cc:419] UpdaterMain (--wake-all) returned 0.
[36126:438176:0903/161659.229099:ERROR:ui/display/mac/cv_display_link_mac.mm:195] CVDisplayLinkCreateWithCGDisplay failed. CVReturn: -6670
[36115:438025:0903/161659.324394:ERROR:chrome/browser/web_applications/externally_managed_app_manager.cc:680] https://docs.google.com/spreadsheets/installwebapp?usp=chrome_default from install source 1 failed to install with reason 21
[36344:440195:0903/161740.425648:VERBOSE2:chrome/updater/event_history.cc:265] Emitted a UPDATER_PROCESS END event to the history log
[36344:440195:0903/161740.425714:VERBOSE1:chrome/updater/updater.cc:419] UpdaterMain (--crash-handler) returned 0.
[36335:440056:0903/161740.427873:VERBOSE2:chrome/updater/event_history.cc:265] Emitted a UPDATER_PROCESS END event to the history log
[36335:440056:0903/161740.427948:VERBOSE1:chrome/updater/updater.cc:419] UpdaterMain (--crash-handler) returned 0.
